// Jest Snapshot v1, https://goo.gl/fbAQLP

exports[`<Form /> renders the <Form /> with an error 1`] = `
<div
  class="form__Container-gw9b8r-0 dyQwLU"
>
  <div
    class="form__Error-gw9b8r-1 frMQtP"
  >
    Your email address is already being used
  </div>
  <button
    class="form__Submit-gw9b8r-8 iMyGEt"
    type="submit"
  >
    Sign In
  </button>
</div>
`;

exports[`<Form /> renders the <Form /> with populated data 1`] = `
<div
  class="form__Container-gw9b8r-0 dyQwLU"
>
  <h1
    class="form__Title-gw9b8r-3 dgFmlS"
  >
    Sign In Now
  </h1>
  <form
    class="form__Base-gw9b8r-2 bLehQR"
  >
    <input
      class="form__Input-gw9b8r-7 dlfPGU"
      placeholder="Email address"
    />
    <input
      class="form__Input-gw9b8r-7 dlfPGU"
      placeholder="Password"
      type="password"
    />
    <button
      class="form__Submit-gw9b8r-8 iMyGEt"
      disabled=""
      type="submit"
    >
      Sign In
    </button>
  </form>
  <p
    class="form__Text-gw9b8r-4 jGkGkr"
  >
    New to Netflix?Â 
    <a
      class="form__Link-gw9b8r-6 fOzxNp"
      href="/signup"
    >
      Sign up now.
    </a>
  </p>
  <p
    class="form__TextSmall-gw9b8r-5 gVOCMX"
  >
    This page is protected by Google reCAPTCHA to ensure you're not a bot. Learn more.
  </p>
</div>
`;
