// Jest Snapshot v1, https://goo.gl/fbAQLP

exports[`<Player /> renders the <Player /> with a bunny video 1`] = `
<div
  class="player__Container-l8xche-0"
>
  <button
    class="player__Button-l8xche-3 eeRqzB"
  >
    Play
  </button>
</div>
`;
